| GlobalSslDisable.cs:21:13:21:135 | ... += ... | Globally disabling SSL certificate validation makes the application vulnerable to man-in-the-middle attacks. |
| GlobalSslDisable.cs:27:13:30:13 | ... += ... | Globally disabling SSL certificate validation makes the application vulnerable to man-in-the-middle attacks. |
| GlobalSslDisable.cs:36:13:36:134 | ... = ... | Globally disabling SSL certificate validation makes the application vulnerable to man-in-the-middle attacks. |
| GlobalSslDisable.cs:42:13:42:105 | ... += ... | Globally disabling SSL certificate validation makes the application vulnerable to man-in-the-middle attacks. |
| GlobalSslDisable.cs:53:13:53:95 | ... = ... | Globally disabling SSL certificate validation makes the application vulnerable to man-in-the-middle attacks. |
| GlobalSslDisable.cs:66:13:66:105 | ... = ... | Globally disabling SSL certificate validation makes the application vulnerable to man-in-the-middle attacks. |
